// Jest Snapshot v1, https://goo.gl/fbAQLP

exports[`matches snapshot 1`] = `
Array [
  <header
    className="MuiPaper-root-jqRKNJ dfuyOL MuiPaper-root MuiPaper-elevation MuiPaper-elevation4 MuiAppBar-root-gCJNDv kLzESQ MuiAppBar-root MuiAppBar-colorPrimary MuiAppBar-positionStatic"
  >
    <div
      className="MuiToolbar-root-hLnTOG SHPyl MuiToolbar-root MuiToolbar-gutters MuiToolbar-regular"
    >
      <div
        className="MuiTypography-root-bWuLxc eoJEBL MuiTypography-root MuiTypography-h6"
      >
        Pokemon
      </div>
      <div
        className="sc-dQoVA hWIzAz"
      >
        <div
          className="sc-bqyKOL kMgunO"
        >
          <svg
            aria-hidden={true}
            className="MuiSvgIcon-root-ffGNMi ufROg MuiSvgIcon-root MuiSvgIcon-fontSizeMedium"
            data-testid="SearchIcon"
            focusable="false"
            viewBox="0 0 24 24"
          >
            <path
              d="M15.5 14h-.79l-.28-.27C15.41 12.59 16 11.11 16 9.5 16 5.91 13.09 3 9.5 3S3 5.91 3 9.5 5.91 16 9.5 16c1.61 0 3.09-.59 4.23-1.57l.27.28v.79l5 4.99L20.49 19l-4.99-5zm-6 0C7.01 14 5 11.99 5 9.5S7.01 5 9.5 5 14 7.01 14 9.5 11.99 14 9.5 14z"
            />
          </svg>
        </div>
        <div
          className="MuiInputBase-root-jytTJo iblFgs MuiInputBase-root MuiInputBase-colorPrimary sc-kstqJO iCpiNg"
          onClick={[Function]}
        >
          <input
            aria-label="search"
            className="MuiInputBase-input-hhOXZE iuLSHy MuiInputBase-input"
            onAnimationStart={[Function]}
            onBlur={[Function]}
            onChange={[Function]}
            onFocus={[Function]}
            placeholder="Search…"
            type="text"
            value=""
          />
        </div>
      </div>
      <button
        aria-label="menu"
        className="MuiButtonBase-root-JTLGk xjigV MuiButtonBase-root MuiIconButton-root-jYLena jOBJaf MuiIconButton-root MuiIconButton-colorInherit MuiIconButton-edgeStart MuiIconButton-sizeLarge"
        disabled={false}
        onBlur={[Function]}
        onClick={[Function]}
        onContextMenu={[Function]}
        onDragLeave={[Function]}
        onFocus={[Function]}
        onKeyDown={[Function]}
        onKeyUp={[Function]}
        onMouseDown={[Function]}
        onMouseLeave={[Function]}
        onMouseUp={[Function]}
        onTouchEnd={[Function]}
        onTouchMove={[Function]}
        onTouchStart={[Function]}
        tabIndex={0}
        type="button"
      >
        <svg
          aria-hidden={true}
          className="MuiSvgIcon-root-ffGNMi ufROg MuiSvgIcon-root MuiSvgIcon-fontSizeMedium"
          data-testid="FilterListIcon"
          focusable="false"
          viewBox="0 0 24 24"
        >
          <path
            d="M10 18h4v-2h-4v2zM3 6v2h18V6H3zm3 7h12v-2H6v2z"
          />
        </svg>
      </button>
    </div>
  </header>,
  <nav
    aria-label="pagination navigation"
    className="MuiPagination-root-jiVNev dslAHc MuiPagination-root MuiPagination-text"
  >
    <ul
      className="MuiPagination-ul-AaxlE VIygi MuiPagination-ul"
    >
      <li>
        <button
          aria-label="Go to previous page"
          className="MuiButtonBase-root-JTLGk xjigV MuiButtonBase-root Mui-disabled MuiPaginationItem-root-eKOth cwlSWf MuiPaginationItem-root MuiPaginationItem-sizeMedium MuiPaginationItem-text MuiPaginationItem-circular Mui-disabled MuiPaginationItem-previousNext"
          disabled={true}
          onBlur={[Function]}
          onClick={[Function]}
          onContextMenu={[Function]}
          onDragLeave={[Function]}
          onFocus={[Function]}
          onKeyDown={[Function]}
          onKeyUp={[Function]}
          onMouseDown={[Function]}
          onMouseLeave={[Function]}
          onMouseUp={[Function]}
          onTouchEnd={[Function]}
          onTouchMove={[Function]}
          onTouchStart={[Function]}
          tabIndex={-1}
          type="button"
        >
          <svg
            aria-hidden={true}
            className="MuiSvgIcon-root-ffGNMi ufROg MuiSvgIcon-root MuiSvgIcon-fontSizeMedium MuiPaginationItem-icon-cIGteT eNVKWa MuiPaginationItem-icon"
            data-testid="NavigateBeforeIcon"
            focusable="false"
            viewBox="0 0 24 24"
          >
            <path
              d="M15.41 7.41L14 6l-6 6 6 6 1.41-1.41L10.83 12z"
            />
          </svg>
        </button>
      </li>
      <li>
        <button
          aria-current="true"
          aria-label="page 1"
          className="MuiButtonBase-root-JTLGk xjigV MuiButtonBase-root MuiPaginationItem-root-eKOth cwlSWf MuiPaginationItem-root MuiPaginationItem-sizeMedium MuiPaginationItem-text MuiPaginationItem-circular Mui-selected MuiPaginationItem-page"
          disabled={false}
          onBlur={[Function]}
          onClick={[Function]}
          onContextMenu={[Function]}
          onDragLeave={[Function]}
          onFocus={[Function]}
          onKeyDown={[Function]}
          onKeyUp={[Function]}
          onMouseDown={[Function]}
          onMouseLeave={[Function]}
          onMouseUp={[Function]}
          onTouchEnd={[Function]}
          onTouchMove={[Function]}
          onTouchStart={[Function]}
          tabIndex={0}
          type="button"
        >
          1
        </button>
      </li>
      <li>
        <button
          aria-label="Go to page 2"
          className="MuiButtonBase-root-JTLGk xjigV MuiButtonBase-root MuiPaginationItem-root-eKOth cwlSWf MuiPaginationItem-root MuiPaginationItem-sizeMedium MuiPaginationItem-text MuiPaginationItem-circular MuiPaginationItem-page"
          disabled={false}
          onBlur={[Function]}
          onClick={[Function]}
          onContextMenu={[Function]}
          onDragLeave={[Function]}
          onFocus={[Function]}
          onKeyDown={[Function]}
          onKeyUp={[Function]}
          onMouseDown={[Function]}
          onMouseLeave={[Function]}
          onMouseUp={[Function]}
          onTouchEnd={[Function]}
          onTouchMove={[Function]}
          onTouchStart={[Function]}
          tabIndex={0}
          type="button"
        >
          2
        </button>
      </li>
      <li>
        <button
          aria-label="Go to page 3"
          className="MuiButtonBase-root-JTLGk xjigV MuiButtonBase-root MuiPaginationItem-root-eKOth cwlSWf MuiPaginationItem-root MuiPaginationItem-sizeMedium MuiPaginationItem-text MuiPaginationItem-circular MuiPaginationItem-page"
          disabled={false}
          onBlur={[Function]}
          onClick={[Function]}
          onContextMenu={[Function]}
          onDragLeave={[Function]}
          onFocus={[Function]}
          onKeyDown={[Function]}
          onKeyUp={[Function]}
          onMouseDown={[Function]}
          onMouseLeave={[Function]}
          onMouseUp={[Function]}
          onTouchEnd={[Function]}
          onTouchMove={[Function]}
          onTouchStart={[Function]}
          tabIndex={0}
          type="button"
        >
          3
        </button>
      </li>
      <li>
        <button
          aria-label="Go to next page"
          className="MuiButtonBase-root-JTLGk xjigV MuiButtonBase-root MuiPaginationItem-root-eKOth cwlSWf MuiPaginationItem-root MuiPaginationItem-sizeMedium MuiPaginationItem-text MuiPaginationItem-circular MuiPaginationItem-previousNext"
          disabled={false}
          onBlur={[Function]}
          onClick={[Function]}
          onContextMenu={[Function]}
          onDragLeave={[Function]}
          onFocus={[Function]}
          onKeyDown={[Function]}
          onKeyUp={[Function]}
          onMouseDown={[Function]}
          onMouseLeave={[Function]}
          onMouseUp={[Function]}
          onTouchEnd={[Function]}
          onTouchMove={[Function]}
          onTouchStart={[Function]}
          tabIndex={0}
          type="button"
        >
          <svg
            aria-hidden={true}
            className="MuiSvgIcon-root-ffGNMi ufROg MuiSvgIcon-root MuiSvgIcon-fontSizeMedium MuiPaginationItem-icon-cIGteT eNVKWa MuiPaginationItem-icon"
            data-testid="NavigateNextIcon"
            focusable="false"
            viewBox="0 0 24 24"
          >
            <path
              d="M10 6L8.59 7.41 13.17 12l-4.58 4.59L10 18l6-6z"
            />
          </svg>
        </button>
      </li>
    </ul>
  </nav>,
  <div
    className="MuiGrid-root-jtDTn cwyRTO MuiGrid-root MuiGrid-container MuiGrid-spacing-xs-3"
  >
    <div
      className="MuiGrid-root-jtDTn gOjSKh MuiGrid-root MuiGrid-item MuiGrid-grid-xs-6 MuiGrid-grid-sm-6 MuiGrid-grid-md-4 MuiGrid-grid-lg-3"
    >
      <span
        className="MuiSkeleton-root-eFkMRC emYUNG MuiSkeleton-root MuiSkeleton-rectangular MuiSkeleton-pulse"
        style={
          Object {
            "height": 250,
            "width": undefined,
          }
        }
      />
      <span
        className="MuiSkeleton-root-eFkMRC bRCOyx MuiSkeleton-root MuiSkeleton-text MuiSkeleton-pulse"
        style={
          Object {
            "height": 100,
            "width": undefined,
          }
        }
      />
      <span
        className="MuiSkeleton-root-eFkMRC bRCOyx MuiSkeleton-root MuiSkeleton-text MuiSkeleton-pulse"
        style={
          Object {
            "height": 25,
            "width": "60%",
          }
        }
      />
      <span
        className="MuiSkeleton-root-eFkMRC bRCOyx MuiSkeleton-root MuiSkeleton-text MuiSkeleton-pulse"
        style={
          Object {
            "height": undefined,
            "width": "60%",
          }
        }
      />
      <span
        className="MuiSkeleton-root-eFkMRC bRCOyx MuiSkeleton-root MuiSkeleton-text MuiSkeleton-pulse"
        style={
          Object {
            "height": undefined,
            "width": "60%",
          }
        }
      />
    </div>
    <div
      className="MuiGrid-root-jtDTn gOjSKh MuiGrid-root MuiGrid-item MuiGrid-grid-xs-6 MuiGrid-grid-sm-6 MuiGrid-grid-md-4 MuiGrid-grid-lg-3"
    >
      <span
        className="MuiSkeleton-root-eFkMRC emYUNG MuiSkeleton-root MuiSkeleton-rectangular MuiSkeleton-pulse"
        style={
          Object {
            "height": 250,
            "width": undefined,
          }
        }
      />
      <span
        className="MuiSkeleton-root-eFkMRC bRCOyx MuiSkeleton-root MuiSkeleton-text MuiSkeleton-pulse"
        style={
          Object {
            "height": 100,
            "width": undefined,
          }
        }
      />
      <span
        className="MuiSkeleton-root-eFkMRC bRCOyx MuiSkeleton-root MuiSkeleton-text MuiSkeleton-pulse"
        style={
          Object {
            "height": 25,
            "width": "60%",
          }
        }
      />
      <span
        className="MuiSkeleton-root-eFkMRC bRCOyx MuiSkeleton-root MuiSkeleton-text MuiSkeleton-pulse"
        style={
          Object {
            "height": undefined,
            "width": "60%",
          }
        }
      />
      <span
        className="MuiSkeleton-root-eFkMRC bRCOyx MuiSkeleton-root MuiSkeleton-text MuiSkeleton-pulse"
        style={
          Object {
            "height": undefined,
            "width": "60%",
          }
        }
      />
    </div>
    <div
      className="MuiGrid-root-jtDTn gOjSKh MuiGrid-root MuiGrid-item MuiGrid-grid-xs-6 MuiGrid-grid-sm-6 MuiGrid-grid-md-4 MuiGrid-grid-lg-3"
    >
      <span
        className="MuiSkeleton-root-eFkMRC emYUNG MuiSkeleton-root MuiSkeleton-rectangular MuiSkeleton-pulse"
        style={
          Object {
            "height": 250,
            "width": undefined,
          }
        }
      />
      <span
        className="MuiSkeleton-root-eFkMRC bRCOyx MuiSkeleton-root MuiSkeleton-text MuiSkeleton-pulse"
        style={
          Object {
            "height": 100,
            "width": undefined,
          }
        }
      />
      <span
        className="MuiSkeleton-root-eFkMRC bRCOyx MuiSkeleton-root MuiSkeleton-text MuiSkeleton-pulse"
        style={
          Object {
            "height": 25,
            "width": "60%",
          }
        }
      />
      <span
        className="MuiSkeleton-root-eFkMRC bRCOyx MuiSkeleton-root MuiSkeleton-text MuiSkeleton-pulse"
        style={
          Object {
            "height": undefined,
            "width": "60%",
          }
        }
      />
      <span
        className="MuiSkeleton-root-eFkMRC bRCOyx MuiSkeleton-root MuiSkeleton-text MuiSkeleton-pulse"
        style={
          Object {
            "height": undefined,
            "width": "60%",
          }
        }
      />
    </div>
    <div
      className="MuiGrid-root-jtDTn gOjSKh MuiGrid-root MuiGrid-item MuiGrid-grid-xs-6 MuiGrid-grid-sm-6 MuiGrid-grid-md-4 MuiGrid-grid-lg-3"
    >
      <span
        className="MuiSkeleton-root-eFkMRC emYUNG MuiSkeleton-root MuiSkeleton-rectangular MuiSkeleton-pulse"
        style={
          Object {
            "height": 250,
            "width": undefined,
          }
        }
      />
      <span
        className="MuiSkeleton-root-eFkMRC bRCOyx MuiSkeleton-root MuiSkeleton-text MuiSkeleton-pulse"
        style={
          Object {
            "height": 100,
            "width": undefined,
          }
        }
      />
      <span
        className="MuiSkeleton-root-eFkMRC bRCOyx MuiSkeleton-root MuiSkeleton-text MuiSkeleton-pulse"
        style={
          Object {
            "height": 25,
            "width": "60%",
          }
        }
      />
      <span
        className="MuiSkeleton-root-eFkMRC bRCOyx MuiSkeleton-root MuiSkeleton-text MuiSkeleton-pulse"
        style={
          Object {
            "height": undefined,
            "width": "60%",
          }
        }
      />
      <span
        className="MuiSkeleton-root-eFkMRC bRCOyx MuiSkeleton-root MuiSkeleton-text MuiSkeleton-pulse"
        style={
          Object {
            "height": undefined,
            "width": "60%",
          }
        }
      />
    </div>
    <div
      className="MuiGrid-root-jtDTn gOjSKh MuiGrid-root MuiGrid-item MuiGrid-grid-xs-6 MuiGrid-grid-sm-6 MuiGrid-grid-md-4 MuiGrid-grid-lg-3"
    >
      <span
        className="MuiSkeleton-root-eFkMRC emYUNG MuiSkeleton-root MuiSkeleton-rectangular MuiSkeleton-pulse"
        style={
          Object {
            "height": 250,
            "width": undefined,
          }
        }
      />
      <span
        className="MuiSkeleton-root-eFkMRC bRCOyx MuiSkeleton-root MuiSkeleton-text MuiSkeleton-pulse"
        style={
          Object {
            "height": 100,
            "width": undefined,
          }
        }
      />
      <span
        className="MuiSkeleton-root-eFkMRC bRCOyx MuiSkeleton-root MuiSkeleton-text MuiSkeleton-pulse"
        style={
          Object {
            "height": 25,
            "width": "60%",
          }
        }
      />
      <span
        className="MuiSkeleton-root-eFkMRC bRCOyx MuiSkeleton-root MuiSkeleton-text MuiSkeleton-pulse"
        style={
          Object {
            "height": undefined,
            "width": "60%",
          }
        }
      />
      <span
        className="MuiSkeleton-root-eFkMRC bRCOyx MuiSkeleton-root MuiSkeleton-text MuiSkeleton-pulse"
        style={
          Object {
            "height": undefined,
            "width": "60%",
          }
        }
      />
    </div>
    <div
      className="MuiGrid-root-jtDTn gOjSKh MuiGrid-root MuiGrid-item MuiGrid-grid-xs-6 MuiGrid-grid-sm-6 MuiGrid-grid-md-4 MuiGrid-grid-lg-3"
    >
      <span
        className="MuiSkeleton-root-eFkMRC emYUNG MuiSkeleton-root MuiSkeleton-rectangular MuiSkeleton-pulse"
        style={
          Object {
            "height": 250,
            "width": undefined,
          }
        }
      />
      <span
        className="MuiSkeleton-root-eFkMRC bRCOyx MuiSkeleton-root MuiSkeleton-text MuiSkeleton-pulse"
        style={
          Object {
            "height": 100,
            "width": undefined,
          }
        }
      />
      <span
        className="MuiSkeleton-root-eFkMRC bRCOyx MuiSkeleton-root MuiSkeleton-text MuiSkeleton-pulse"
        style={
          Object {
            "height": 25,
            "width": "60%",
          }
        }
      />
      <span
        className="MuiSkeleton-root-eFkMRC bRCOyx MuiSkeleton-root MuiSkeleton-text MuiSkeleton-pulse"
        style={
          Object {
            "height": undefined,
            "width": "60%",
          }
        }
      />
      <span
        className="MuiSkeleton-root-eFkMRC bRCOyx MuiSkeleton-root MuiSkeleton-text MuiSkeleton-pulse"
        style={
          Object {
            "height": undefined,
            "width": "60%",
          }
        }
      />
    </div>
    <div
      className="MuiGrid-root-jtDTn gOjSKh MuiGrid-root MuiGrid-item MuiGrid-grid-xs-6 MuiGrid-grid-sm-6 MuiGrid-grid-md-4 MuiGrid-grid-lg-3"
    >
      <span
        className="MuiSkeleton-root-eFkMRC emYUNG MuiSkeleton-root MuiSkeleton-rectangular MuiSkeleton-pulse"
        style={
          Object {
            "height": 250,
            "width": undefined,
          }
        }
      />
      <span
        className="MuiSkeleton-root-eFkMRC bRCOyx MuiSkeleton-root MuiSkeleton-text MuiSkeleton-pulse"
        style={
          Object {
            "height": 100,
            "width": undefined,
          }
        }
      />
      <span
        className="MuiSkeleton-root-eFkMRC bRCOyx MuiSkeleton-root MuiSkeleton-text MuiSkeleton-pulse"
        style={
          Object {
            "height": 25,
            "width": "60%",
          }
        }
      />
      <span
        className="MuiSkeleton-root-eFkMRC bRCOyx MuiSkeleton-root MuiSkeleton-text MuiSkeleton-pulse"
        style={
          Object {
            "height": undefined,
            "width": "60%",
          }
        }
      />
      <span
        className="MuiSkeleton-root-eFkMRC bRCOyx MuiSkeleton-root MuiSkeleton-text MuiSkeleton-pulse"
        style={
          Object {
            "height": undefined,
            "width": "60%",
          }
        }
      />
    </div>
    <div
      className="MuiGrid-root-jtDTn gOjSKh MuiGrid-root MuiGrid-item MuiGrid-grid-xs-6 MuiGrid-grid-sm-6 MuiGrid-grid-md-4 MuiGrid-grid-lg-3"
    >
      <span
        className="MuiSkeleton-root-eFkMRC emYUNG MuiSkeleton-root MuiSkeleton-rectangular MuiSkeleton-pulse"
        style={
          Object {
            "height": 250,
            "width": undefined,
          }
        }
      />
      <span
        className="MuiSkeleton-root-eFkMRC bRCOyx MuiSkeleton-root MuiSkeleton-text MuiSkeleton-pulse"
        style={
          Object {
            "height": 100,
            "width": undefined,
          }
        }
      />
      <span
        className="MuiSkeleton-root-eFkMRC bRCOyx MuiSkeleton-root MuiSkeleton-text MuiSkeleton-pulse"
        style={
          Object {
            "height": 25,
            "width": "60%",
          }
        }
      />
      <span
        className="MuiSkeleton-root-eFkMRC bRCOyx MuiSkeleton-root MuiSkeleton-text MuiSkeleton-pulse"
        style={
          Object {
            "height": undefined,
            "width": "60%",
          }
        }
      />
      <span
        className="MuiSkeleton-root-eFkMRC bRCOyx MuiSkeleton-root MuiSkeleton-text MuiSkeleton-pulse"
        style={
          Object {
            "height": undefined,
            "width": "60%",
          }
        }
      />
    </div>
    <div
      className="MuiGrid-root-jtDTn gOjSKh MuiGrid-root MuiGrid-item MuiGrid-grid-xs-6 MuiGrid-grid-sm-6 MuiGrid-grid-md-4 MuiGrid-grid-lg-3"
    >
      <span
        className="MuiSkeleton-root-eFkMRC emYUNG MuiSkeleton-root MuiSkeleton-rectangular MuiSkeleton-pulse"
        style={
          Object {
            "height": 250,
            "width": undefined,
          }
        }
      />
      <span
        className="MuiSkeleton-root-eFkMRC bRCOyx MuiSkeleton-root MuiSkeleton-text MuiSkeleton-pulse"
        style={
          Object {
            "height": 100,
            "width": undefined,
          }
        }
      />
      <span
        className="MuiSkeleton-root-eFkMRC bRCOyx MuiSkeleton-root MuiSkeleton-text MuiSkeleton-pulse"
        style={
          Object {
            "height": 25,
            "width": "60%",
          }
        }
      />
      <span
        className="MuiSkeleton-root-eFkMRC bRCOyx MuiSkeleton-root MuiSkeleton-text MuiSkeleton-pulse"
        style={
          Object {
            "height": undefined,
            "width": "60%",
          }
        }
      />
      <span
        className="MuiSkeleton-root-eFkMRC bRCOyx MuiSkeleton-root MuiSkeleton-text MuiSkeleton-pulse"
        style={
          Object {
            "height": undefined,
            "width": "60%",
          }
        }
      />
    </div>
    <div
      className="MuiGrid-root-jtDTn gOjSKh MuiGrid-root MuiGrid-item MuiGrid-grid-xs-6 MuiGrid-grid-sm-6 MuiGrid-grid-md-4 MuiGrid-grid-lg-3"
    >
      <span
        className="MuiSkeleton-root-eFkMRC emYUNG MuiSkeleton-root MuiSkeleton-rectangular MuiSkeleton-pulse"
        style={
          Object {
            "height": 250,
            "width": undefined,
          }
        }
      />
      <span
        className="MuiSkeleton-root-eFkMRC bRCOyx MuiSkeleton-root MuiSkeleton-text MuiSkeleton-pulse"
        style={
          Object {
            "height": 100,
            "width": undefined,
          }
        }
      />
      <span
        className="MuiSkeleton-root-eFkMRC bRCOyx MuiSkeleton-root MuiSkeleton-text MuiSkeleton-pulse"
        style={
          Object {
            "height": 25,
            "width": "60%",
          }
        }
      />
      <span
        className="MuiSkeleton-root-eFkMRC bRCOyx MuiSkeleton-root MuiSkeleton-text MuiSkeleton-pulse"
        style={
          Object {
            "height": undefined,
            "width": "60%",
          }
        }
      />
      <span
        className="MuiSkeleton-root-eFkMRC bRCOyx MuiSkeleton-root MuiSkeleton-text MuiSkeleton-pulse"
        style={
          Object {
            "height": undefined,
            "width": "60%",
          }
        }
      />
    </div>
    <div
      className="MuiGrid-root-jtDTn gOjSKh MuiGrid-root MuiGrid-item MuiGrid-grid-xs-6 MuiGrid-grid-sm-6 MuiGrid-grid-md-4 MuiGrid-grid-lg-3"
    >
      <span
        className="MuiSkeleton-root-eFkMRC emYUNG MuiSkeleton-root MuiSkeleton-rectangular MuiSkeleton-pulse"
        style={
          Object {
            "height": 250,
            "width": undefined,
          }
        }
      />
      <span
        className="MuiSkeleton-root-eFkMRC bRCOyx MuiSkeleton-root MuiSkeleton-text MuiSkeleton-pulse"
        style={
          Object {
            "height": 100,
            "width": undefined,
          }
        }
      />
      <span
        className="MuiSkeleton-root-eFkMRC bRCOyx MuiSkeleton-root MuiSkeleton-text MuiSkeleton-pulse"
        style={
          Object {
            "height": 25,
            "width": "60%",
          }
        }
      />
      <span
        className="MuiSkeleton-root-eFkMRC bRCOyx MuiSkeleton-root MuiSkeleton-text MuiSkeleton-pulse"
        style={
          Object {
            "height": undefined,
            "width": "60%",
          }
        }
      />
      <span
        className="MuiSkeleton-root-eFkMRC bRCOyx MuiSkeleton-root MuiSkeleton-text MuiSkeleton-pulse"
        style={
          Object {
            "height": undefined,
            "width": "60%",
          }
        }
      />
    </div>
    <div
      className="MuiGrid-root-jtDTn gOjSKh MuiGrid-root MuiGrid-item MuiGrid-grid-xs-6 MuiGrid-grid-sm-6 MuiGrid-grid-md-4 MuiGrid-grid-lg-3"
    >
      <span
        className="MuiSkeleton-root-eFkMRC emYUNG MuiSkeleton-root MuiSkeleton-rectangular MuiSkeleton-pulse"
        style={
          Object {
            "height": 250,
            "width": undefined,
          }
        }
      />
      <span
        className="MuiSkeleton-root-eFkMRC bRCOyx MuiSkeleton-root MuiSkeleton-text MuiSkeleton-pulse"
        style={
          Object {
            "height": 100,
            "width": undefined,
          }
        }
      />
      <span
        className="MuiSkeleton-root-eFkMRC bRCOyx MuiSkeleton-root MuiSkeleton-text MuiSkeleton-pulse"
        style={
          Object {
            "height": 25,
            "width": "60%",
          }
        }
      />
      <span
        className="MuiSkeleton-root-eFkMRC bRCOyx MuiSkeleton-root MuiSkeleton-text MuiSkeleton-pulse"
        style={
          Object {
            "height": undefined,
            "width": "60%",
          }
        }
      />
      <span
        className="MuiSkeleton-root-eFkMRC bRCOyx MuiSkeleton-root MuiSkeleton-text MuiSkeleton-pulse"
        style={
          Object {
            "height": undefined,
            "width": "60%",
          }
        }
      />
    </div>
    <div
      className="MuiGrid-root-jtDTn gOjSKh MuiGrid-root MuiGrid-item MuiGrid-grid-xs-6 MuiGrid-grid-sm-6 MuiGrid-grid-md-4 MuiGrid-grid-lg-3"
    >
      <span
        className="MuiSkeleton-root-eFkMRC emYUNG MuiSkeleton-root MuiSkeleton-rectangular MuiSkeleton-pulse"
        style={
          Object {
            "height": 250,
            "width": undefined,
          }
        }
      />
      <span
        className="MuiSkeleton-root-eFkMRC bRCOyx MuiSkeleton-root MuiSkeleton-text MuiSkeleton-pulse"
        style={
          Object {
            "height": 100,
            "width": undefined,
          }
        }
      />
      <span
        className="MuiSkeleton-root-eFkMRC bRCOyx MuiSkeleton-root MuiSkeleton-text MuiSkeleton-pulse"
        style={
          Object {
            "height": 25,
            "width": "60%",
          }
        }
      />
      <span
        className="MuiSkeleton-root-eFkMRC bRCOyx MuiSkeleton-root MuiSkeleton-text MuiSkeleton-pulse"
        style={
          Object {
            "height": undefined,
            "width": "60%",
          }
        }
      />
      <span
        className="MuiSkeleton-root-eFkMRC bRCOyx MuiSkeleton-root MuiSkeleton-text MuiSkeleton-pulse"
        style={
          Object {
            "height": undefined,
            "width": "60%",
          }
        }
      />
    </div>
    <div
      className="MuiGrid-root-jtDTn gOjSKh MuiGrid-root MuiGrid-item MuiGrid-grid-xs-6 MuiGrid-grid-sm-6 MuiGrid-grid-md-4 MuiGrid-grid-lg-3"
    >
      <span
        className="MuiSkeleton-root-eFkMRC emYUNG MuiSkeleton-root MuiSkeleton-rectangular MuiSkeleton-pulse"
        style={
          Object {
            "height": 250,
            "width": undefined,
          }
        }
      />
      <span
        className="MuiSkeleton-root-eFkMRC bRCOyx MuiSkeleton-root MuiSkeleton-text MuiSkeleton-pulse"
        style={
          Object {
            "height": 100,
            "width": undefined,
          }
        }
      />
      <span
        className="MuiSkeleton-root-eFkMRC bRCOyx MuiSkeleton-root MuiSkeleton-text MuiSkeleton-pulse"
        style={
          Object {
            "height": 25,
            "width": "60%",
          }
        }
      />
      <span
        className="MuiSkeleton-root-eFkMRC bRCOyx MuiSkeleton-root MuiSkeleton-text MuiSkeleton-pulse"
        style={
          Object {
            "height": undefined,
            "width": "60%",
          }
        }
      />
      <span
        className="MuiSkeleton-root-eFkMRC bRCOyx MuiSkeleton-root MuiSkeleton-text MuiSkeleton-pulse"
        style={
          Object {
            "height": undefined,
            "width": "60%",
          }
        }
      />
    </div>
    <div
      className="MuiGrid-root-jtDTn gOjSKh MuiGrid-root MuiGrid-item MuiGrid-grid-xs-6 MuiGrid-grid-sm-6 MuiGrid-grid-md-4 MuiGrid-grid-lg-3"
    >
      <span
        className="MuiSkeleton-root-eFkMRC emYUNG MuiSkeleton-root MuiSkeleton-rectangular MuiSkeleton-pulse"
        style={
          Object {
            "height": 250,
            "width": undefined,
          }
        }
      />
      <span
        className="MuiSkeleton-root-eFkMRC bRCOyx MuiSkeleton-root MuiSkeleton-text MuiSkeleton-pulse"
        style={
          Object {
            "height": 100,
            "width": undefined,
          }
        }
      />
      <span
        className="MuiSkeleton-root-eFkMRC bRCOyx MuiSkeleton-root MuiSkeleton-text MuiSkeleton-pulse"
        style={
          Object {
            "height": 25,
            "width": "60%",
          }
        }
      />
      <span
        className="MuiSkeleton-root-eFkMRC bRCOyx MuiSkeleton-root MuiSkeleton-text MuiSkeleton-pulse"
        style={
          Object {
            "height": undefined,
            "width": "60%",
          }
        }
      />
      <span
        className="MuiSkeleton-root-eFkMRC bRCOyx MuiSkeleton-root MuiSkeleton-text MuiSkeleton-pulse"
        style={
          Object {
            "height": undefined,
            "width": "60%",
          }
        }
      />
    </div>
    <div
      className="MuiGrid-root-jtDTn gOjSKh MuiGrid-root MuiGrid-item MuiGrid-grid-xs-6 MuiGrid-grid-sm-6 MuiGrid-grid-md-4 MuiGrid-grid-lg-3"
    >
      <span
        className="MuiSkeleton-root-eFkMRC emYUNG MuiSkeleton-root MuiSkeleton-rectangular MuiSkeleton-pulse"
        style={
          Object {
            "height": 250,
            "width": undefined,
          }
        }
      />
      <span
        className="MuiSkeleton-root-eFkMRC bRCOyx MuiSkeleton-root MuiSkeleton-text MuiSkeleton-pulse"
        style={
          Object {
            "height": 100,
            "width": undefined,
          }
        }
      />
      <span
        className="MuiSkeleton-root-eFkMRC bRCOyx MuiSkeleton-root MuiSkeleton-text MuiSkeleton-pulse"
        style={
          Object {
            "height": 25,
            "width": "60%",
          }
        }
      />
      <span
        className="MuiSkeleton-root-eFkMRC bRCOyx MuiSkeleton-root MuiSkeleton-text MuiSkeleton-pulse"
        style={
          Object {
            "height": undefined,
            "width": "60%",
          }
        }
      />
      <span
        className="MuiSkeleton-root-eFkMRC bRCOyx MuiSkeleton-root MuiSkeleton-text MuiSkeleton-pulse"
        style={
          Object {
            "height": undefined,
            "width": "60%",
          }
        }
      />
    </div>
    <div
      className="MuiGrid-root-jtDTn gOjSKh MuiGrid-root MuiGrid-item MuiGrid-grid-xs-6 MuiGrid-grid-sm-6 MuiGrid-grid-md-4 MuiGrid-grid-lg-3"
    >
      <span
        className="MuiSkeleton-root-eFkMRC emYUNG MuiSkeleton-root MuiSkeleton-rectangular MuiSkeleton-pulse"
        style={
          Object {
            "height": 250,
            "width": undefined,
          }
        }
      />
      <span
        className="MuiSkeleton-root-eFkMRC bRCOyx MuiSkeleton-root MuiSkeleton-text MuiSkeleton-pulse"
        style={
          Object {
            "height": 100,
            "width": undefined,
          }
        }
      />
      <span
        className="MuiSkeleton-root-eFkMRC bRCOyx MuiSkeleton-root MuiSkeleton-text MuiSkeleton-pulse"
        style={
          Object {
            "height": 25,
            "width": "60%",
          }
        }
      />
      <span
        className="MuiSkeleton-root-eFkMRC bRCOyx MuiSkeleton-root MuiSkeleton-text MuiSkeleton-pulse"
        style={
          Object {
            "height": undefined,
            "width": "60%",
          }
        }
      />
      <span
        className="MuiSkeleton-root-eFkMRC bRCOyx MuiSkeleton-root MuiSkeleton-text MuiSkeleton-pulse"
        style={
          Object {
            "height": undefined,
            "width": "60%",
          }
        }
      />
    </div>
    <div
      className="MuiGrid-root-jtDTn gOjSKh MuiGrid-root MuiGrid-item MuiGrid-grid-xs-6 MuiGrid-grid-sm-6 MuiGrid-grid-md-4 MuiGrid-grid-lg-3"
    >
      <span
        className="MuiSkeleton-root-eFkMRC emYUNG MuiSkeleton-root MuiSkeleton-rectangular MuiSkeleton-pulse"
        style={
          Object {
            "height": 250,
            "width": undefined,
          }
        }
      />
      <span
        className="MuiSkeleton-root-eFkMRC bRCOyx MuiSkeleton-root MuiSkeleton-text MuiSkeleton-pulse"
        style={
          Object {
            "height": 100,
            "width": undefined,
          }
        }
      />
      <span
        className="MuiSkeleton-root-eFkMRC bRCOyx MuiSkeleton-root MuiSkeleton-text MuiSkeleton-pulse"
        style={
          Object {
            "height": 25,
            "width": "60%",
          }
        }
      />
      <span
        className="MuiSkeleton-root-eFkMRC bRCOyx MuiSkeleton-root MuiSkeleton-text MuiSkeleton-pulse"
        style={
          Object {
            "height": undefined,
            "width": "60%",
          }
        }
      />
      <span
        className="MuiSkeleton-root-eFkMRC bRCOyx MuiSkeleton-root MuiSkeleton-text MuiSkeleton-pulse"
        style={
          Object {
            "height": undefined,
            "width": "60%",
          }
        }
      />
    </div>
    <div
      className="MuiGrid-root-jtDTn gOjSKh MuiGrid-root MuiGrid-item MuiGrid-grid-xs-6 MuiGrid-grid-sm-6 MuiGrid-grid-md-4 MuiGrid-grid-lg-3"
    >
      <span
        className="MuiSkeleton-root-eFkMRC emYUNG MuiSkeleton-root MuiSkeleton-rectangular MuiSkeleton-pulse"
        style={
          Object {
            "height": 250,
            "width": undefined,
          }
        }
      />
      <span
        className="MuiSkeleton-root-eFkMRC bRCOyx MuiSkeleton-root MuiSkeleton-text MuiSkeleton-pulse"
        style={
          Object {
            "height": 100,
            "width": undefined,
          }
        }
      />
      <span
        className="MuiSkeleton-root-eFkMRC bRCOyx MuiSkeleton-root MuiSkeleton-text MuiSkeleton-pulse"
        style={
          Object {
            "height": 25,
            "width": "60%",
          }
        }
      />
      <span
        className="MuiSkeleton-root-eFkMRC bRCOyx MuiSkeleton-root MuiSkeleton-text MuiSkeleton-pulse"
        style={
          Object {
            "height": undefined,
            "width": "60%",
          }
        }
      />
      <span
        className="MuiSkeleton-root-eFkMRC bRCOyx MuiSkeleton-root MuiSkeleton-text MuiSkeleton-pulse"
        style={
          Object {
            "height": undefined,
            "width": "60%",
          }
        }
      />
    </div>
    <div
      className="MuiGrid-root-jtDTn gOjSKh MuiGrid-root MuiGrid-item MuiGrid-grid-xs-6 MuiGrid-grid-sm-6 MuiGrid-grid-md-4 MuiGrid-grid-lg-3"
    >
      <span
        className="MuiSkeleton-root-eFkMRC emYUNG MuiSkeleton-root MuiSkeleton-rectangular MuiSkeleton-pulse"
        style={
          Object {
            "height": 250,
            "width": undefined,
          }
        }
      />
      <span
        className="MuiSkeleton-root-eFkMRC bRCOyx MuiSkeleton-root MuiSkeleton-text MuiSkeleton-pulse"
        style={
          Object {
            "height": 100,
            "width": undefined,
          }
        }
      />
      <span
        className="MuiSkeleton-root-eFkMRC bRCOyx MuiSkeleton-root MuiSkeleton-text MuiSkeleton-pulse"
        style={
          Object {
            "height": 25,
            "width": "60%",
          }
        }
      />
      <span
        className="MuiSkeleton-root-eFkMRC bRCOyx MuiSkeleton-root MuiSkeleton-text MuiSkeleton-pulse"
        style={
          Object {
            "height": undefined,
            "width": "60%",
          }
        }
      />
      <span
        className="MuiSkeleton-root-eFkMRC bRCOyx MuiSkeleton-root MuiSkeleton-text MuiSkeleton-pulse"
        style={
          Object {
            "height": undefined,
            "width": "60%",
          }
        }
      />
    </div>
  </div>,
  <nav
    aria-label="pagination navigation"
    className="MuiPagination-root-jiVNev dslAHc MuiPagination-root MuiPagination-text"
  >
    <ul
      className="MuiPagination-ul-AaxlE VIygi MuiPagination-ul"
    >
      <li>
        <button
          aria-label="Go to previous page"
          className="MuiButtonBase-root-JTLGk xjigV MuiButtonBase-root Mui-disabled MuiPaginationItem-root-eKOth cwlSWf MuiPaginationItem-root MuiPaginationItem-sizeMedium MuiPaginationItem-text MuiPaginationItem-circular Mui-disabled MuiPaginationItem-previousNext"
          disabled={true}
          onBlur={[Function]}
          onClick={[Function]}
          onContextMenu={[Function]}
          onDragLeave={[Function]}
          onFocus={[Function]}
          onKeyDown={[Function]}
          onKeyUp={[Function]}
          onMouseDown={[Function]}
          onMouseLeave={[Function]}
          onMouseUp={[Function]}
          onTouchEnd={[Function]}
          onTouchMove={[Function]}
          onTouchStart={[Function]}
          tabIndex={-1}
          type="button"
        >
          <svg
            aria-hidden={true}
            className="MuiSvgIcon-root-ffGNMi ufROg MuiSvgIcon-root MuiSvgIcon-fontSizeMedium MuiPaginationItem-icon-cIGteT eNVKWa MuiPaginationItem-icon"
            data-testid="NavigateBeforeIcon"
            focusable="false"
            viewBox="0 0 24 24"
          >
            <path
              d="M15.41 7.41L14 6l-6 6 6 6 1.41-1.41L10.83 12z"
            />
          </svg>
        </button>
      </li>
      <li>
        <button
          aria-current="true"
          aria-label="page 1"
          className="MuiButtonBase-root-JTLGk xjigV MuiButtonBase-root MuiPaginationItem-root-eKOth cwlSWf MuiPaginationItem-root MuiPaginationItem-sizeMedium MuiPaginationItem-text MuiPaginationItem-circular Mui-selected MuiPaginationItem-page"
          disabled={false}
          onBlur={[Function]}
          onClick={[Function]}
          onContextMenu={[Function]}
          onDragLeave={[Function]}
          onFocus={[Function]}
          onKeyDown={[Function]}
          onKeyUp={[Function]}
          onMouseDown={[Function]}
          onMouseLeave={[Function]}
          onMouseUp={[Function]}
          onTouchEnd={[Function]}
          onTouchMove={[Function]}
          onTouchStart={[Function]}
          tabIndex={0}
          type="button"
        >
          1
        </button>
      </li>
      <li>
        <button
          aria-label="Go to page 2"
          className="MuiButtonBase-root-JTLGk xjigV MuiButtonBase-root MuiPaginationItem-root-eKOth cwlSWf MuiPaginationItem-root MuiPaginationItem-sizeMedium MuiPaginationItem-text MuiPaginationItem-circular MuiPaginationItem-page"
          disabled={false}
          onBlur={[Function]}
          onClick={[Function]}
          onContextMenu={[Function]}
          onDragLeave={[Function]}
          onFocus={[Function]}
          onKeyDown={[Function]}
          onKeyUp={[Function]}
          onMouseDown={[Function]}
          onMouseLeave={[Function]}
          onMouseUp={[Function]}
          onTouchEnd={[Function]}
          onTouchMove={[Function]}
          onTouchStart={[Function]}
          tabIndex={0}
          type="button"
        >
          2
        </button>
      </li>
      <li>
        <button
          aria-label="Go to page 3"
          className="MuiButtonBase-root-JTLGk xjigV MuiButtonBase-root MuiPaginationItem-root-eKOth cwlSWf MuiPaginationItem-root MuiPaginationItem-sizeMedium MuiPaginationItem-text MuiPaginationItem-circular MuiPaginationItem-page"
          disabled={false}
          onBlur={[Function]}
          onClick={[Function]}
          onContextMenu={[Function]}
          onDragLeave={[Function]}
          onFocus={[Function]}
          onKeyDown={[Function]}
          onKeyUp={[Function]}
          onMouseDown={[Function]}
          onMouseLeave={[Function]}
          onMouseUp={[Function]}
          onTouchEnd={[Function]}
          onTouchMove={[Function]}
          onTouchStart={[Function]}
          tabIndex={0}
          type="button"
        >
          3
        </button>
      </li>
      <li>
        <button
          aria-label="Go to next page"
          className="MuiButtonBase-root-JTLGk xjigV MuiButtonBase-root MuiPaginationItem-root-eKOth cwlSWf MuiPaginationItem-root MuiPaginationItem-sizeMedium MuiPaginationItem-text MuiPaginationItem-circular MuiPaginationItem-previousNext"
          disabled={false}
          onBlur={[Function]}
          onClick={[Function]}
          onContextMenu={[Function]}
          onDragLeave={[Function]}
          onFocus={[Function]}
          onKeyDown={[Function]}
          onKeyUp={[Function]}
          onMouseDown={[Function]}
          onMouseLeave={[Function]}
          onMouseUp={[Function]}
          onTouchEnd={[Function]}
          onTouchMove={[Function]}
          onTouchStart={[Function]}
          tabIndex={0}
          type="button"
        >
          <svg
            aria-hidden={true}
            className="MuiSvgIcon-root-ffGNMi ufROg MuiSvgIcon-root MuiSvgIcon-fontSizeMedium MuiPaginationItem-icon-cIGteT eNVKWa MuiPaginationItem-icon"
            data-testid="NavigateNextIcon"
            focusable="false"
            viewBox="0 0 24 24"
          >
            <path
              d="M10 6L8.59 7.41 13.17 12l-4.58 4.59L10 18l6-6z"
            />
          </svg>
        </button>
      </li>
    </ul>
  </nav>,
]
`;
